[Sep  1 14:10:15.253] traffic_server STATUS: opened /opt/trafficserver/var/log/diags.log
[Sep  1 14:10:15.254] traffic_server NOTE: updated diags config
[Sep  1 14:10:15.283] traffic_server NOTE: storage.config loading ...
[Sep  1 14:10:15.285] traffic_server WARNING: unable to open '/opt/trafficserver/var/trafficserver': No such file or directory
[Sep  1 14:10:15.285] traffic_server NOTE: storage.config finished loading
[Sep  1 14:10:15.459] traffic_server NOTE: ip_allow.yaml loading ...
[Sep  1 14:10:15.465] traffic_server NOTE: ip_allow.yaml finished loading
[Sep  1 14:10:15.465] traffic_server NOTE: parent.config loading ...
[Sep  1 14:10:15.465] traffic_server NOTE: parent.config finished loading
[Sep  1 14:10:15.475] traffic_server NOTE: /opt/trafficserver/etc/logging.yaml loading ...
[Sep  1 14:10:15.489] traffic_server NOTE: /opt/trafficserver/etc/logging.yaml finished loading
[Sep  1 14:10:15.494] traffic_server NOTE: logging initialized[3], logging_mode = 3
[Sep  1 14:10:15.494] traffic_server NOTE: Initialized plugin_dynamic_reload_mode: 1
[Sep  1 14:10:15.494] traffic_server NOTE: plugin.config loading ...
[Sep  1 14:10:15.494] traffic_server NOTE: plugin.config finished loading
[Sep  1 14:10:15.497] traffic_server NOTE: /opt/trafficserver/etc/sni.yaml loading ...
[Sep  1 14:10:15.502] traffic_server NOTE: /opt/trafficserver/etc/sni.yaml finished loading
[Sep  1 14:10:15.502] traffic_server NOTE: (ssl) ssl_multicert.config loading ...
[Sep  1 14:10:15.503] traffic_server NOTE: /opt/trafficserver/etc/ssl_multicert.config finished loading
[Sep  1 14:10:15.505] traffic_server NOTE: volume.config loading ...
[Sep  1 14:10:15.505] traffic_server NOTE: volume.config finished loading
[Sep  1 14:10:15.505] traffic_server WARNING: unable to open cache disk(s): Cache Disabled
[Sep  1 14:10:15.507] traffic_server NOTE: remap.config loading ...
[Sep  1 14:10:15.507] traffic_server NOTE: strategies.yaml loading ...
[Sep  1 14:10:15.507] traffic_server NOTE: No NextHop strategy configs were loaded.
[Sep  1 14:10:15.507] traffic_server NOTE: strategies.yaml finished loading
[Sep  1 14:10:15.518] traffic_server NOTE: remap.config finished loading
[Sep  1 14:10:15.524] traffic_server NOTE: Traffic Server is fully initialized.
[Sep  1 14:10:15.524] [TS_MAIN] NOTE: traffic server running
