
Summary:
  Total:	1.0300 secs
  Slowest:	0.0591 secs
  Fastest:	0.0151 secs
  Average:	0.0254 secs
  Requests/sec:	248.5516
  
  Total data:	40192 bytes
  Size/request:	157 bytes

Response time histogram:
  0.015 [1]	|
  0.020 [59]	|■■■■■■■■■■■■■■■■■■■■■
  0.024 [114]	|■■■■■■■■■■■■■■■■■■■■■■■■■■■■■■■■■■■■■■■■
  0.028 [50]	|■■■■■■■■■■■■■■■■■■
  0.033 [0]	|
  0.037 [0]	|
  0.042 [0]	|
  0.046 [4]	|■
  0.050 [11]	|■■■■
  0.055 [4]	|■
  0.059 [13]	|■■■■■


Latency distribution:
  10% in 0.0182 secs
  25% in 0.0198 secs
  50% in 0.0225 secs
  75% in 0.0247 secs
  90% in 0.0471 secs
  95% in 0.0551 secs
  99% in 0.0589 secs

Details (average, fastest, slowest):
  DNS+dialup:	0.0003 secs, 0.0000 secs, 0.0037 secs
  DNS-lookup:	0.0002 secs, 0.0000 secs, 0.0025 secs
  req write:	0.0000 secs, 0.0000 secs, 0.0005 secs
  resp wait:	0.0250 secs, 0.0150 secs, 0.0563 secs
  resp read:	0.0000 secs, 0.0000 secs, 0.0001 secs

Status code distribution:
  [405]	256 responses




Summary:
  Total:	1.0327 secs
  Slowest:	0.0533 secs
  Fastest:	0.0169 secs
  Average:	0.0328 secs
  Requests/sec:	247.8956
  
  Total data:	40192 bytes
  Size/request:	157 bytes

Response time histogram:
  0.017 [1]	|■
  0.021 [46]	|■■■■■■■■■■■■■■■■■■■■■■■■■■■■■■■■■■■■■■
  0.024 [48]	|■■■■■■■■■■■■■■■■■■■■■■■■■■■■■■■■■■■■■■■■
  0.028 [15]	|■■■■■■■■■■■■■
  0.031 [5]	|■■■■
  0.035 [23]	|■■■■■■■■■■■■■■■■■■■
  0.039 [15]	|■■■■■■■■■■■■■
  0.042 [41]	|■■■■■■■■■■■■■■■■■■■■■■■■■■■■■■■■■■
  0.046 [27]	|■■■■■■■■■■■■■■■■■■■■■■■
  0.050 [27]	|■■■■■■■■■■■■■■■■■■■■■■■
  0.053 [8]	|■■■■■■■


Latency distribution:
  10% in 0.0191 secs
  25% in 0.0219 secs
  50% in 0.0338 secs
  75% in 0.0424 secs
  90% in 0.0474 secs
  95% in 0.0487 secs
  99% in 0.0533 secs

Details (average, fastest, slowest):
  DNS+dialup:	0.0003 secs, 0.0000 secs, 0.0031 secs
  DNS-lookup:	0.0002 secs, 0.0000 secs, 0.0017 secs
  req write:	0.0000 secs, 0.0000 secs, 0.0007 secs
  resp wait:	0.0324 secs, 0.0168 secs, 0.0507 secs
  resp read:	0.0000 secs, 0.0000 secs, 0.0001 secs

Status code distribution:
  [405]	256 responses




Summary:
  Total:	1.0417 secs
  Slowest:	0.0672 secs
  Fastest:	0.0162 secs
  Average:	0.0350 secs
  Requests/sec:	245.7500
  
  Total data:	40192 bytes
  Size/request:	157 bytes

Response time histogram:
  0.016 [1]	|■
  0.021 [31]	|■■■■■■■■■■■■■■■■■
  0.026 [48]	|■■■■■■■■■■■■■■■■■■■■■■■■■■
  0.032 [24]	|■■■■■■■■■■■■■
  0.037 [40]	|■■■■■■■■■■■■■■■■■■■■■■
  0.042 [73]	|■■■■■■■■■■■■■■■■■■■■■■■■■■■■■■■■■■■■■■■■
  0.047 [7]	|■■■■
  0.052 [4]	|■■
  0.057 [2]	|■
  0.062 [7]	|■■■■
  0.067 [19]	|■■■■■■■■■■


Latency distribution:
  10% in 0.0211 secs
  25% in 0.0254 secs
  50% in 0.0343 secs
  75% in 0.0397 secs
  90% in 0.0595 secs
  95% in 0.0650 secs
  99% in 0.0670 secs

Details (average, fastest, slowest):
  DNS+dialup:	0.0003 secs, 0.0000 secs, 0.0031 secs
  DNS-lookup:	0.0002 secs, 0.0000 secs, 0.0024 secs
  req write:	0.0000 secs, 0.0000 secs, 0.0005 secs
  resp wait:	0.0346 secs, 0.0159 secs, 0.0648 secs
  resp read:	0.0000 secs, 0.0000 secs, 0.0001 secs

Status code distribution:
  [405]	256 responses




Summary:
  Total:	1.0610 secs
  Slowest:	0.0586 secs
  Fastest:	0.0158 secs
  Average:	0.0362 secs
  Requests/sec:	241.2783
  
  Total data:	40192 bytes
  Size/request:	157 bytes

Response time histogram:
  0.016 [1]	|■
  0.020 [27]	|■■■■■■■■■■■■■■■■■■■■
  0.024 [55]	|■■■■■■■■■■■■■■■■■■■■■■■■■■■■■■■■■■■■■■■■
  0.029 [14]	|■■■■■■■■■■
  0.033 [13]	|■■■■■■■■■
  0.037 [11]	|■■■■■■■■
  0.041 [46]	|■■■■■■■■■■■■■■■■■■■■■■■■■■■■■■■■■
  0.046 [12]	|■■■■■■■■■
  0.050 [19]	|■■■■■■■■■■■■■■
  0.054 [40]	|■■■■■■■■■■■■■■■■■■■■■■■■■■■■■
  0.059 [18]	|■■■■■■■■■■■■■


Latency distribution:
  10% in 0.0200 secs
  25% in 0.0233 secs
  50% in 0.0383 secs
  75% in 0.0487 secs
  90% in 0.0533 secs
  95% in 0.0553 secs
  99% in 0.0583 secs

Details (average, fastest, slowest):
  DNS+dialup:	0.0003 secs, 0.0000 secs, 0.0031 secs
  DNS-lookup:	0.0002 secs, 0.0000 secs, 0.0022 secs
  req write:	0.0001 secs, 0.0000 secs, 0.0009 secs
  resp wait:	0.0358 secs, 0.0157 secs, 0.0560 secs
  resp read:	0.0000 secs, 0.0000 secs, 0.0001 secs

Status code distribution:
  [405]	256 responses




Summary:
  Total:	1.0411 secs
  Slowest:	0.0606 secs
  Fastest:	0.0152 secs
  Average:	0.0335 secs
  Requests/sec:	245.8899
  
  Total data:	40192 bytes
  Size/request:	157 bytes

Response time histogram:
  0.015 [1]	|■
  0.020 [44]	|■■■■■■■■■■■■■■■■■■■■■■■■■■■■■■■■■■■
  0.024 [50]	|■■■■■■■■■■■■■■■■■■■■■■■■■■■■■■■■■■■■■■■■
  0.029 [9]	|■■■■■■■
  0.033 [24]	|■■■■■■■■■■■■■■■■■■■
  0.038 [46]	|■■■■■■■■■■■■■■■■■■■■■■■■■■■■■■■■■■■■■
  0.042 [26]	|■■■■■■■■■■■■■■■■■■■■■
  0.047 [8]	|■■■■■■
  0.052 [9]	|■■■■■■■
  0.056 [27]	|■■■■■■■■■■■■■■■■■■■■■■
  0.061 [12]	|■■■■■■■■■■


Latency distribution:
  10% in 0.0187 secs
  25% in 0.0218 secs
  50% in 0.0335 secs
  75% in 0.0414 secs
  90% in 0.0538 secs
  95% in 0.0561 secs
  99% in 0.0606 secs

Details (average, fastest, slowest):
  DNS+dialup:	0.0004 secs, 0.0000 secs, 0.0035 secs
  DNS-lookup:	0.0003 secs, 0.0000 secs, 0.0029 secs
  req write:	0.0001 secs, 0.0000 secs, 0.0008 secs
  resp wait:	0.0330 secs, 0.0150 secs, 0.0579 secs
  resp read:	0.0000 secs, 0.0000 secs, 0.0001 secs

Status code distribution:
  [405]	256 responses




Summary:
  Total:	1.0496 secs
  Slowest:	0.0638 secs
  Fastest:	0.0164 secs
  Average:	0.0322 secs
  Requests/sec:	243.9014
  
  Total data:	40192 bytes
  Size/request:	157 bytes

Response time histogram:
  0.016 [1]	|■
  0.021 [50]	|■■■■■■■■■■■■■■■■■■■■■■■■■■
  0.026 [77]	|■■■■■■■■■■■■■■■■■■■■■■■■■■■■■■■■■■■■■■■■
  0.031 [0]	|
  0.035 [22]	|■■■■■■■■■■■
  0.040 [33]	|■■■■■■■■■■■■■■■■■
  0.045 [43]	|■■■■■■■■■■■■■■■■■■■■■■
  0.050 [2]	|■
  0.054 [4]	|■■
  0.059 [6]	|■■■
  0.064 [18]	|■■■■■■■■■


Latency distribution:
  10% in 0.0187 secs
  25% in 0.0217 secs
  50% in 0.0316 secs
  75% in 0.0408 secs
  90% in 0.0531 secs
  95% in 0.0615 secs
  99% in 0.0633 secs

Details (average, fastest, slowest):
  DNS+dialup:	0.0003 secs, 0.0000 secs, 0.0030 secs
  DNS-lookup:	0.0002 secs, 0.0000 secs, 0.0023 secs
  req write:	0.0001 secs, 0.0000 secs, 0.0008 secs
  resp wait:	0.0318 secs, 0.0163 secs, 0.0637 secs
  resp read:	0.0000 secs, 0.0000 secs, 0.0001 secs

Status code distribution:
  [405]	256 responses




Summary:
  Total:	1.0318 secs
  Slowest:	0.0564 secs
  Fastest:	0.0151 secs
  Average:	0.0320 secs
  Requests/sec:	248.1194
  
  Total data:	40192 bytes
  Size/request:	157 bytes

Response time histogram:
  0.015 [1]	|■
  0.019 [37]	|■■■■■■■■■■■■■■■■■■■■■■■■■■■■■■
  0.023 [50]	|■■■■■■■■■■■■■■■■■■■■■■■■■■■■■■■■■■■■■■■■
  0.028 [41]	|■■■■■■■■■■■■■■■■■■■■■■■■■■■■■■■■■
  0.032 [6]	|■■■■■
  0.036 [12]	|■■■■■■■■■■
  0.040 [29]	|■■■■■■■■■■■■■■■■■■■■■■■
  0.044 [28]	|■■■■■■■■■■■■■■■■■■■■■■
  0.048 [29]	|■■■■■■■■■■■■■■■■■■■■■■■
  0.052 [9]	|■■■■■■■
  0.056 [14]	|■■■■■■■■■■■


Latency distribution:
  10% in 0.0183 secs
  25% in 0.0217 secs
  50% in 0.0273 secs
  75% in 0.0437 secs
  90% in 0.0479 secs
  95% in 0.0528 secs
  99% in 0.0554 secs

Details (average, fastest, slowest):
  DNS+dialup:	0.0003 secs, 0.0000 secs, 0.0037 secs
  DNS-lookup:	0.0002 secs, 0.0000 secs, 0.0024 secs
  req write:	0.0001 secs, 0.0000 secs, 0.0016 secs
  resp wait:	0.0315 secs, 0.0150 secs, 0.0531 secs
  resp read:	0.0000 secs, 0.0000 secs, 0.0001 secs

Status code distribution:
  [400]	1 responses
  [405]	255 responses



